// Vitest Snapshot v1, https://vitest.dev/guide/snapshot.html

exports[`glyph coverage > the set of designer-authored SVGs changes only deliberately 1`] = `
[
  "abs",
  "add",
  "cameraFar",
  "cameraNear",
  "cameraPosition",
  "cross",
  "dataRange",
  "dataviz",
  "distance",
  "div",
  "dot",
  "floor",
  "isolines",
  "length",
  "max",
  "min",
  "mod",
  "mul",
  "normalLocal",
  "normalWorld",
  "normalize",
  "oneMinus",
  "positionGeometry",
  "positionLocal",
  "positionView",
  "positionViewDirection",
  "positionWorld",
  "positionWorldDirection",
  "pow",
  "screenUV",
  "select",
  "smoothstep",
  "stripes",
  "sub",
  "tangentLocal",
  "uv",
]
`;
